2026-04-15 18:21:49,338 | INFO | ml.src.data.loaders | Loading SQL dump from C:\Users\kbakh\OneDrive\Bureau\PFE\ApplicationPFE\Version 1.0.0\Backendspring\ProjectPFE\dev\PFECODING\mmmonitoringgg_db.sql
2026-04-15 18:21:50,478 | INFO | ml.src.data.loaders | Parsed dump rows | metrics=22313 | problems=95 | hosts=119
2026-04-15 18:21:50,494 | INFO | ml.src.features.feature_engineering | Normalized dump | hosts=67 | skipped_problems_without_timestamp=87
2026-04-15 18:21:50,498 | INFO | ml.src.features.feature_engineering | Built event dataset with 8 labeled rows
2026-04-15 18:21:53,920 | INFO | ml.src.training.train | Epoch 1 | loss=0.871955
2026-04-15 18:21:53,983 | INFO | ml.src.training.train | Epoch 26 | loss=0.672220
2026-04-15 18:21:54,040 | INFO | ml.src.training.train | Epoch 51 | loss=0.434323
2026-04-15 18:21:54,096 | INFO | ml.src.training.train | Epoch 76 | loss=0.218966
2026-04-15 18:21:54,154 | INFO | ml.src.training.train | Epoch 101 | loss=0.087927
2026-04-15 18:21:54,205 | INFO | ml.src.training.train | Epoch 126 | loss=0.034615
2026-04-15 18:21:54,254 | INFO | ml.src.training.train | Epoch 150 | loss=0.012726
2026-04-15 18:21:54,286 | INFO | ml.src.training.train | Saved checkpoint to C:\Users\kbakh\OneDrive\Bureau\PFE\ApplicationPFE\Version 1.0.0\Backendspring\ProjectPFE\dev\PFECODING\PFERTC\artifacts\models\final_model.pth
2026-04-15 18:21:54,286 | INFO | ml.src.training.train | Saved feature metadata to C:\Users\kbakh\OneDrive\Bureau\PFE\ApplicationPFE\Version 1.0.0\Backendspring\ProjectPFE\dev\PFECODING\PFERTC\artifacts\models\feature_metadata.json
2026-04-15 18:21:54,286 | INFO | ml.src.training.train | Saved metrics to C:\Users\kbakh\OneDrive\Bureau\PFE\ApplicationPFE\Version 1.0.0\Backendspring\ProjectPFE\dev\PFECODING\PFERTC\artifacts\metrics\training_metrics.json
2026-04-15 18:22:12,761 | INFO | ml.src.training.export_to_torchscript | Saved TorchScript model to C:\Users\kbakh\OneDrive\Bureau\PFE\ApplicationPFE\Version 1.0.0\Backendspring\ProjectPFE\dev\PFECODING\PFERTC\artifacts\models\model.pt
2026-04-15 18:24:35,950 | INFO | ml.src.data.loaders | Loading SQL dump from C:\Users\kbakh\OneDrive\Bureau\PFE\ApplicationPFE\Version 1.0.0\Backendspring\ProjectPFE\dev\PFECODING\mmmonitoringgg_db.sql
2026-04-15 18:24:36,150 | INFO | ml.src.training.export_to_torchscript | Saved TorchScript model to C:\Users\kbakh\OneDrive\Bureau\PFE\ApplicationPFE\Version 1.0.0\Backendspring\ProjectPFE\dev\PFECODING\PFERTC\artifacts\models\model.pt
2026-04-15 18:24:36,964 | INFO | ml.src.data.loaders | Parsed dump rows | metrics=22313 | problems=95 | hosts=119
2026-04-15 18:24:36,985 | INFO | ml.src.features.feature_engineering | Normalized dump | hosts=67 | skipped_problems_without_timestamp=87
2026-04-15 18:24:36,986 | INFO | ml.src.features.feature_engineering | Built event dataset with 8 labeled rows
2026-04-15 18:24:39,311 | INFO | ml.src.training.train | Epoch 1 | loss=0.871955
2026-04-15 18:24:39,372 | INFO | ml.src.training.train | Epoch 26 | loss=0.672220
2026-04-15 18:24:39,428 | INFO | ml.src.training.train | Epoch 51 | loss=0.434323
2026-04-15 18:24:39,489 | INFO | ml.src.training.train | Epoch 76 | loss=0.218966
2026-04-15 18:24:39,542 | INFO | ml.src.training.train | Epoch 101 | loss=0.087927
2026-04-15 18:24:39,594 | INFO | ml.src.training.train | Epoch 126 | loss=0.034615
2026-04-15 18:24:39,653 | INFO | ml.src.training.train | Epoch 150 | loss=0.012726
2026-04-15 18:24:39,664 | INFO | ml.src.training.train | Saved checkpoint to C:\Users\kbakh\OneDrive\Bureau\PFE\ApplicationPFE\Version 1.0.0\Backendspring\ProjectPFE\dev\PFECODING\PFERTC\artifacts\models\final_model.pth
2026-04-15 18:24:39,665 | INFO | ml.src.training.train | Saved feature metadata to C:\Users\kbakh\OneDrive\Bureau\PFE\ApplicationPFE\Version 1.0.0\Backendspring\ProjectPFE\dev\PFECODING\PFERTC\artifacts\models\feature_metadata.json
2026-04-15 18:24:39,665 | INFO | ml.src.training.train | Saved metrics to C:\Users\kbakh\OneDrive\Bureau\PFE\ApplicationPFE\Version 1.0.0\Backendspring\ProjectPFE\dev\PFECODING\PFERTC\artifacts\metrics\training_metrics.json
2026-04-15 18:41:45,592 | INFO | ml.src.data.loaders | Loading SQL dump from C:\Users\kbakh\OneDrive\Bureau\PFE\ApplicationPFE\Version 1.0.0\Backendspring\ProjectPFE\dev\PFECODING\mmmonitoringgg_db.sql
2026-04-15 18:41:46,132 | INFO | ml.src.training.export_to_torchscript | Saved TorchScript model to C:\Users\kbakh\OneDrive\Bureau\PFE\ApplicationPFE\Version 1.0.0\Backendspring\ProjectPFE\dev\PFECODING\PFERTC\artifacts\models\model.pt
2026-04-15 18:41:46,968 | INFO | ml.src.data.loaders | Parsed dump rows | metrics=22313 | problems=95 | hosts=119
2026-04-15 18:41:46,989 | INFO | ml.src.features.feature_engineering | Normalized dump | hosts=67 | skipped_problems_without_timestamp=87
2026-04-15 18:41:46,997 | INFO | ml.src.features.feature_engineering | Built event dataset with 8 labeled rows
2026-04-15 18:41:51,846 | INFO | ml.src.training.train | Epoch 1 | loss=0.871955
2026-04-15 18:41:51,955 | INFO | ml.src.training.train | Epoch 26 | loss=0.672220
2026-04-15 18:41:52,037 | INFO | ml.src.training.train | Epoch 51 | loss=0.434323
2026-04-15 18:41:52,127 | INFO | ml.src.training.train | Epoch 76 | loss=0.218966
2026-04-15 18:41:52,253 | INFO | ml.src.training.train | Epoch 101 | loss=0.087927
2026-04-15 18:41:52,344 | INFO | ml.src.training.train | Epoch 126 | loss=0.034615
2026-04-15 18:41:52,426 | INFO | ml.src.training.train | Epoch 150 | loss=0.012726
2026-04-15 18:41:52,457 | INFO | ml.src.training.train | Saved checkpoint to C:\Users\kbakh\OneDrive\Bureau\PFE\ApplicationPFE\Version 1.0.0\Backendspring\ProjectPFE\dev\PFECODING\PFERTC\artifacts\models\final_model.pth
2026-04-15 18:41:52,457 | INFO | ml.src.training.train | Saved feature metadata to C:\Users\kbakh\OneDrive\Bureau\PFE\ApplicationPFE\Version 1.0.0\Backendspring\ProjectPFE\dev\PFECODING\PFERTC\artifacts\models\feature_metadata.json
2026-04-15 18:41:52,458 | INFO | ml.src.training.train | Saved metrics to C:\Users\kbakh\OneDrive\Bureau\PFE\ApplicationPFE\Version 1.0.0\Backendspring\ProjectPFE\dev\PFECODING\PFERTC\artifacts\metrics\training_metrics.json
